../Core/Src/main.c:119:6:mode_switch	8	static
../Core/Src/main.c:134:6:myprintf	144	static
../Core/Src/main.c:144:6:update_glove_commands	4	static
../Core/Src/main.c:156:6:average_adc_values	4	static
../Core/Src/main.c:164:6:average_initial_adc_values	4	static
../Core/Src/main.c:172:19:Glove_UART2_SendCommands_DMA	8	static
../Core/Src/main.c:183:26:Accel_Init	24	static
../Core/Src/main.c:190:26:Accel_ReadXYZ	40	static
../Core/Src/main.c:215:13:update_hand_pose	32	static
../Core/Src/main.c:248:20:FingerDirection_ToString	16	static
../Core/Src/main.c:259:20:HandFace_ToString	16	static
../Core/Src/main.c:281:19:HandPose_FromAccelXYZ	56	static
../Core/Src/main.c:337:5:main	40	static
../Core/Src/main.c:415:6:SystemClock_Config	96	static
../Core/Src/main.c:466:13:MX_ADC1_Init	32	static
../Core/Src/main.c:551:13:MX_I2C1_Init	8	static
../Core/Src/main.c:599:13:MX_USART1_UART_Init	8	static
../Core/Src/main.c:634:13:MX_USART2_UART_Init	8	static
../Core/Src/main.c:667:13:MX_DMA_Init	16	static
../Core/Src/main.c:688:13:MX_GPIO_Init	40	static
../Core/Src/main.c:723:6:Error_Handler	4	static,ignoring_inline_asm
