../Core/Src/main.c:119:6:mode_switch	2
../Core/Src/main.c:134:6:myprintf	1
../Core/Src/main.c:144:6:update_glove_commands	1
../Core/Src/main.c:156:6:average_adc_values	5
../Core/Src/main.c:164:6:average_initial_adc_values	1
../Core/Src/main.c:172:19:Glove_UART2_SendCommands_DMA	2
../Core/Src/main.c:183:26:Accel_Init	1
../Core/Src/main.c:190:26:Accel_ReadXYZ	3
../Core/Src/main.c:215:13:update_hand_pose	10
../Core/Src/main.c:248:20:FingerDirection_ToString	5
../Core/Src/main.c:259:20:HandFace_ToString	5
../Core/Src/main.c:281:19:HandPose_FromAccelXYZ	5
../Core/Src/main.c:337:5:main	3
../Core/Src/main.c:415:6:SystemClock_Config	4
../Core/Src/main.c:466:13:MX_ADC1_Init	6
../Core/Src/main.c:551:13:MX_I2C1_Init	4
../Core/Src/main.c:599:13:MX_USART1_UART_Init	2
../Core/Src/main.c:634:13:MX_USART2_UART_Init	2
../Core/Src/main.c:667:13:MX_DMA_Init	1
../Core/Src/main.c:688:13:MX_GPIO_Init	1
../Core/Src/main.c:723:6:Error_Handler	1
