../Core/Src/main.c:79:6:myprintf	16	static
../Core/Src/main.c:98:6:HAL_SAI_RxCpltCallback	32	static
../Core/Src/main.c:123:5:main	1216	static
../Core/Src/main.c:227:6:SystemClock_Config	96	static
../Core/Src/main.c:278:13:MX_DAC1_Init	48	static
../Core/Src/main.c:321:13:MX_SAI1_Init	8	static
../Core/Src/main.c:356:13:MX_SPI1_Init	8	static
../Core/Src/main.c:396:13:MX_TIM6_Init	24	static
../Core/Src/main.c:434:13:MX_USART2_UART_Init	8	static
../Core/Src/main.c:467:13:MX_DMA_Init	16	static
../Core/Src/main.c:489:13:MX_GPIO_Init	40	static
../Core/Src/main.c:524:6:Error_Handler	4	static,ignoring_inline_asm
