../Core/Src/main.c:77:13:App_AdcRawToBits	24	static
../Core/Src/main.c:86:13:MX_USART2_UART_Init	8	static
../Core/Src/main.c:110:5:main	8	static,ignoring_inline_asm
../Core/Src/main.c:176:6:SystemClock_Config	96	static
../Core/Src/main.c:227:13:MX_ADC1_Init	32	static
../Core/Src/main.c:314:13:MX_USART1_UART_Init	8	static
../Core/Src/main.c:347:13:MX_DMA_Init	16	static
../Core/Src/main.c:368:13:MX_GPIO_Init	40	static
../Core/Src/main.c:412:6:HAL_ADC_ConvHalfCpltCallback	16	static
../Core/Src/main.c:422:6:HAL_ADC_ConvCpltCallback	16	static
../Core/Src/main.c:438:6:Error_Handler	4	static,ignoring_inline_asm
